(run-transforms hindley-milner-elaborate)
bincaml: Type error: 32 <> 64
         
         Related context:
         infer expression
         11 |     $h:bv64 := bvadd(1:bv64, $g:bv64);
                                  [1;31m^^^^^^^^^^^^^^^^^[0m
         
         statement
         11 |     $h:bv64 := bvadd(1:bv64, $g:bv64);
                  [1;31m^^^^^^^^^^^^^^^^^^^^^^^^^^^^^^^^^[0m
         
         prog script in ./decl_use_hint_disagree.il: (progn (run-transforms hindley-milner-elaborate))
