(run-transforms hindley-milner-elaborate)
bincaml: Type error: type_error: bool <> 32 ℕ bv
         
         Related context:
         statement
         8 |     assert (1:bv32);
                        [1;31m^^^^^^^^[0m
         
         prog script in ./error_assert_type.il: (progn (run-transforms hindley-milner-elaborate))
